// Jest Snapshot v1, https://goo.gl/fbAQLP

exports[`renders button correctly 1`] = `
<button
  onClick={[MockFunction]}
  type="button"
>
  AC
</button>
`;

exports[`renders correctly 1`] = `
<button
  onClick={[MockFunction]}
  type="button"
>
  AC
</button>
`;

exports[`renders correctly 2`] = `
<div
  className="display"
>
  <h2>
    0
  </h2>
</div>
`;

exports[`renders display correctly 1`] = `
<div
  className="display"
>
  <h2>
    0
  </h2>
</div>
`;
